
> build
> vite build

[36mvite v7.3.2 [32mbuilding client environment for production...[36m[39m
transforming...
[32mΓ£ô[39m 1054 modules transformed.
rendering chunks...
computing gzip size...
[2mpublic/build/[22m[32massets/layers-BWBAp2CZ.png                       [39m[1m[2m  0.70 kB[22m[1m[22m
[2mpublic/build/[22m[32massets/layers-2x-Bpkbi35X.png                    [39m[1m[2m  1.26 kB[22m[1m[22m
[2mpublic/build/[22m[32massets/marker-icon-hN30_KVU.png                  [39m[1m[2m  1.47 kB[22m[1m[22m
[2mpublic/build/[22m[32mmanifest.json                                    [39m[1m[2m  8.43 kB[22m[1m[22m[2m Γöé gzip:   1.12 kB[22m
[2mpublic/build/[22m[35massets/LiveMonitoring-CG6DamIu.css               [39m[1m[2m 10.51 kB[22m[1m[22m[2m Γöé gzip:   2.65 kB[22m
[2mpublic/build/[22m[35massets/app-DFF6OaHk.css                          [39m[1m[2m 54.60 kB[22m[1m[22m[2m Γöé gzip:   8.99 kB[22m
[2mpublic/build/[22m[36massets/InputError-DJ_X1RFZ.js                    [39m[1m[2m  0.18 kB[22m[1m[22m[2m Γöé gzip:   0.16 kB[22m
[2mpublic/build/[22m[36massets/InputLabel-B0l6k_-6.js                    [39m[1m[2m  0.21 kB[22m[1m[22m[2m Γöé gzip:   0.18 kB[22m
[2mpublic/build/[22m[36massets/TextInput-Uz8CfMMs.js                     [39m[1m[2m  0.42 kB[22m[1m[22m[2m Γöé gzip:   0.30 kB[22m
[2mpublic/build/[22m[36massets/PrimaryButton-Dh5pB_SO.js                 [39m[1m[2m  0.57 kB[22m[1m[22m[2m Γöé gzip:   0.37 kB[22m
[2mpublic/build/[22m[36massets/ConfirmPassword-B27gJ79T.js               [39m[1m[2m  1.15 kB[22m[1m[22m[2m Γöé gzip:   0.62 kB[22m
[2mpublic/build/[22m[36massets/Edit-D45MzM7W.js                          [39m[1m[2m  1.15 kB[22m[1m[22m[2m Γöé gzip:   0.53 kB[22m
[2mpublic/build/[22m[36massets/VerifyEmail-BYsxRJWj.js                   [39m[1m[2m  1.22 kB[22m[1m[22m[2m Γöé gzip:   0.67 kB[22m
[2mpublic/build/[22m[36massets/PasswordInput-DkGNRxo_.js                 [39m[1m[2m  1.72 kB[22m[1m[22m[2m Γöé gzip:   0.97 kB[22m
[2mpublic/build/[22m[36massets/ResetPassword-CqcZyFha.js                 [39m[1m[2m  1.80 kB[22m[1m[22m[2m Γöé gzip:   0.69 kB[22m
[2mpublic/build/[22m[36massets/UpdateProfileInformationForm-dGsq2NRM.js  [39m[1m[2m  2.33 kB[22m[1m[22m[2m Γöé gzip:   1.01 kB[22m
[2mpublic/build/[22m[36massets/UpdatePasswordForm-SlCNZPEw.js            [39m[1m[2m  2.33 kB[22m[1m[22m[2m Γöé gzip:   0.86 kB[22m
[2mpublic/build/[22m[36massets/ForgotPassword-CaTnK7KD.js                [39m[1m[2m  3.33 kB[22m[1m[22m[2m Γöé gzip:   1.39 kB[22m
[2mpublic/build/[22m[36massets/Welcome-B9pxxe_R.js                       [39m[1m[2m  3.39 kB[22m[1m[22m[2m Γöé gzip:   1.05 kB[22m
[2mpublic/build/[22m[36massets/GuestLayout-UgTgWys8.js                   [39m[1m[2m  3.59 kB[22m[1m[22m[2m Γöé gzip:   1.60 kB[22m
[2mpublic/build/[22m[36massets/Login-D_NLj9E0.js                         [39m[1m[2m  3.65 kB[22m[1m[22m[2m Γöé gzip:   1.39 kB[22m
[2mpublic/build/[22m[36massets/AuthenticatedLayout-CWfBAaDo.js           [39m[1m[2m  3.88 kB[22m[1m[22m[2m Γöé gzip:   1.35 kB[22m
[2mpublic/build/[22m[36massets/Register-CT2bv_b_.js                      [39m[1m[2m  4.67 kB[22m[1m[22m[2m Γöé gzip:   1.49 kB[22m
[2mpublic/build/[22m[36massets/Dashboard-DCBTL8yT.js                     [39m[1m[2m  8.64 kB[22m[1m[22m[2m Γöé gzip:   1.76 kB[22m
[2mpublic/build/[22m[36massets/transition-DnxURCjU.js                    [39m[1m[2m 14.77 kB[22m[1m[22m[2m Γöé gzip:   5.89 kB[22m
[2mpublic/build/[22m[36massets/UserHistory-DwAU8wMC.js                   [39m[1m[2m 18.17 kB[22m[1m[22m[2m Γöé gzip:   4.81 kB[22m
[2mpublic/build/[22m[36massets/DeleteUserForm-uaOuK51A.js                [39m[1m[2m 33.74 kB[22m[1m[22m[2m Γöé gzip:  12.17 kB[22m
[2mpublic/build/[22m[36massets/LiveMonitoring-mCYZpme5.js                [39m[1m[2m169.13 kB[22m[1m[22m[2m Γöé gzip:  49.24 kB[22m
[2mpublic/build/[22m[36massets/app-DaGe-DuA.js                           [39m[1m[2m337.98 kB[22m[1m[22m[2m Γöé gzip: 113.07 kB[22m
[32mΓ£ô built in 9.25s[39m
